{"level":"info","ts":1636620342.886129,"msg":"snatching envelope","uid":"521"}
{"level":"info","ts":1636620395.871541,"msg":"snatching envelope","uid":"5235"}
{"level":"info","ts":1636620396.62462,"msg":"snatching envelope","uid":"5235"}
{"level":"info","ts":1636620397.214477,"msg":"snatching envelope","uid":"5235"}
{"level":"info","ts":1636620397.955915,"msg":"snatching envelope","uid":"5235"}
{"level":"info","ts":1636620398.505339,"msg":"snatching envelope","uid":"5235"}
{"level":"info","ts":1636620399.098478,"msg":"snatching envelope","uid":"5235"}
{"level":"info","ts":1636620399.942297,"msg":"snatching envelope","uid":"5235"}
{"level":"info","ts":1636620401.3959382,"msg":"snatching envelope","uid":"5235"}
{"level":"info","ts":1636620402.210173,"msg":"snatching envelope","uid":"5235"}
{"level":"info","ts":1636620403.0046642,"msg":"snatching envelope","uid":"5235"}
{"level":"info","ts":1636620404.0531352,"msg":"snatching envelope","uid":"5235"}
{"level":"info","ts":1636620405.528314,"msg":"snatching envelope","uid":"5235"}
{"level":"info","ts":1636620408.692157,"msg":"snatching envelope","uid":"52356"}
{"level":"info","ts":1636620409.5072,"msg":"snatching envelope","uid":"52356"}
{"level":"info","ts":1636620410.214297,"msg":"snatching envelope","uid":"52356"}
{"level":"info","ts":1636620410.961511,"msg":"snatching envelope","uid":"52356"}
{"level":"info","ts":1636620411.5410922,"msg":"snatching envelope","uid":"52356"}
{"level":"info","ts":1636620412.3264582,"msg":"snatching envelope","uid":"52356"}
{"level":"info","ts":1636620413.205312,"msg":"snatching envelope","uid":"52356"}
{"level":"info","ts":1636620413.979889,"msg":"snatching envelope","uid":"52356"}
{"level":"info","ts":1636620414.587447,"msg":"snatching envelope","uid":"52356"}
{"level":"info","ts":1636620415.395663,"msg":"snatching envelope","uid":"52356"}
{"level":"info","ts":1636620439.9659798,"msg":"snatching envelope","uid":"5235633"}
{"level":"info","ts":1636620440.702024,"msg":"snatching envelope","uid":"5235633"}
{"level":"info","ts":1636620441.361392,"msg":"snatching envelope","uid":"5235633"}
{"level":"info","ts":1636620442.029858,"msg":"snatching envelope","uid":"5235633"}
{"level":"info","ts":1636620442.843464,"msg":"snatching envelope","uid":"5235633"}
{"level":"info","ts":1636620443.709135,"msg":"snatching envelope","uid":"5235633"}
{"level":"info","ts":1636620444.444012,"msg":"snatching envelope","uid":"5235633"}
{"level":"info","ts":1636620444.988905,"msg":"snatching envelope","uid":"5235633"}
{"level":"info","ts":1636620445.5582368,"msg":"snatching envelope","uid":"5235633"}
{"level":"info","ts":1636620446.400863,"msg":"snatching envelope","uid":"5235633"}
{"level":"info","ts":1636620447.975955,"msg":"snatching envelope","uid":"5235633"}
{"level":"info","ts":1636620448.5083299,"msg":"snatching envelope","uid":"5235633"}
{"level":"info","ts":1636620449.179764,"msg":"snatching envelope","uid":"5235633"}
{"level":"info","ts":1636620455.304907,"msg":"snatching envelope","uid":"12312"}
{"level":"info","ts":1636620456.456366,"msg":"snatching envelope","uid":"12312"}
{"level":"info","ts":1636620457.3075871,"msg":"snatching envelope","uid":"12312"}
{"level":"info","ts":1636620457.961875,"msg":"snatching envelope","uid":"12312"}
{"level":"info","ts":1636620458.525144,"msg":"snatching envelope","uid":"12312"}
{"level":"info","ts":1636620459.4632971,"msg":"snatching envelope","uid":"12312"}
{"level":"info","ts":1636620460.115649,"msg":"snatching envelope","uid":"12312"}
{"level":"info","ts":1636620461.2564821,"msg":"snatching envelope","uid":"12312"}
{"level":"info","ts":1636620462.153754,"msg":"snatching envelope","uid":"12312"}
{"level":"info","ts":1636620463.0684521,"msg":"snatching envelope","uid":"12312"}
